2026-04-05 17:09:07,558 — ERROR — Erreur ouverture fichier : expected str, bytes or os.PathLike object, not NoneType
2026-04-05 17:09:08,925 — ERROR — Erreur ouverture fichier : expected str, bytes or os.PathLike object, not NoneType
2026-04-19 15:10:33,988 — INFO — Dossier sélectionné : /Users/p_tsk99/Downloads/mon_bordel
2026-04-19 15:10:37,264 — INFO — Rangé : ПоповНП_ББИ-26-6_ПР8-9_ПРОФИНСТР.pdf -> Documents_PDF
2026-04-19 15:10:37,267 — INFO — Rangé : Laboratornaya_1_2_3_9_slovari_funktsii_klassy.docx -> Documents_Word
2026-04-19 15:10:37,269 — INFO — Rangé : тевoсян.pdf -> Documents_PDF
2026-04-19 15:10:37,271 — INFO — Rangé : тевoсян текст.pdf -> Documents_PDF
2026-04-19 15:10:37,273 — INFO — Rangé : Prakticheskaya_rabota_3_2026 15.05.59.pdf -> Documents_PDF
2026-04-19 15:10:37,275 — INFO — Rangé : Занятие 8-9 elma 15.05.59.pdf -> Documents_PDF
2026-04-19 15:10:37,276 — INFO — Rangé : Teoria_Sistem_Praktiko-teoreticheskaya_rabota_9.docx.pdf -> Documents_PDF
2026-04-19 15:10:37,278 — INFO — Rangé : Занятие 14 loginom.pdf -> Documents_PDF
2026-04-19 15:10:37,279 — ERROR — Échec github-recovery-codes.txt: [Errno 1] Operation not permitted: '/Users/p_tsk99/Downloads/mon_bordel/github-recovery-codes.txt'
2026-04-19 15:10:37,280 — INFO — Rangé : demande_RVPO.docx -> Documents_Word
2026-04-19 15:12:12,906 — INFO — Dossier sélectionné : /Users/p_tsk99/Downloads/mon_bordel
2026-04-19 15:12:18,115 — INFO — Rangé : Laboratornaya_1_2_3_7_slovari_funktsii_klassy.docx -> Documents_Word
2026-04-19 15:12:18,117 — ERROR — Échec github-recovery-codes.txt: [Errno 1] Operation not permitted: '/Users/p_tsk99/Downloads/mon_bordel/github-recovery-codes.txt'
2026-04-19 15:12:18,120 — INFO — Rangé : dossier_maman.xlsx -> Tableaux_Excel
2026-04-19 15:12:41,010 — INFO — Nettoyage BDD : excel1_жустин (1).xlsx supprimé
2026-04-19 15:12:41,012 — INFO — Nettoyage BDD : Seriynye_nomera_Business_Studio_2025-2026.xlsx supprimé
2026-04-19 15:12:41,012 — INFO — Nettoyage BDD : IMG_4126.mov supprimé
2026-04-19 15:12:41,012 — INFO — Nettoyage BDD : baniererestau.jpg supprimé
2026-04-19 15:12:41,012 — INFO — Nettoyage BDD : bill.png supprimé
2026-04-19 15:12:41,012 — INFO — Nettoyage terminé — 5 entrées supprimées
2026-04-19 15:12:42,144 — INFO — Nettoyage terminé — 0 entrées supprimées
2026-05-25 15:36:59,295 — INFO — Dossier sélectionné : /Users/p_tsk99/mon_bordel
2026-05-25 15:37:01,640 — INFO — Rangé : Тсеке-Тсеке ж.п_Referat_trello_1.docx -> Documents_Word
2026-05-25 15:37:01,641 — INFO — Rangé : Gemini_Generated_Image_scihnsscihnsscih.png -> Images
2026-05-25 15:37:01,643 — INFO — Rangé : tjp.jpg -> Images
2026-05-25 15:37:01,645 — INFO — Rangé : Prakticheskaya_rabota_№8_Derevo_problem.pdf -> Documents_PDF
2026-05-25 15:37:01,647 — INFO — Rangé : struktura_otcheta_kursovoy_raboty.docx -> Documents_Word
2026-05-25 15:37:01,649 — INFO — Rangé : Solution+P1C2+Apprenez+la+programmation+orientee+objet+avec+Python.docx -> Documents_Word
2026-05-25 15:37:01,650 — INFO — Rangé : raport_finale.xlsx -> Tableaux_Excel
2026-05-25 15:37:01,652 — INFO — Rangé : Explications_Code_et_Guide_Utilisateur.docx -> Documents_Word
2026-05-25 15:37:01,653 — INFO — Rangé : IMG_4997.jpg -> Images
2026-05-25 15:37:01,654 — INFO — Rangé : Методические_указания_к_оформлению_отчетов_по_ГОСТу_1.docx -> Documents_Word
2026-05-25 15:37:01,656 — INFO — Rangé : Solution+P2C1+Apprenez+la+programmation+orientee+objet+avec+Python.docx -> Documents_Word
2026-05-25 15:37:01,657 — INFO — Rangé : ТСЕКЕ_1.docx -> Documents_Word
2026-05-25 15:37:01,658 — INFO — Rangé : table_transformation.docx -> Documents_Word
2026-05-25 15:37:01,659 — INFO — Rangé : tjp 2.jpg -> Images
2026-05-25 15:37:01,660 — INFO — Rangé : Занятие 16 Python_1.pdf -> Documents_PDF
2026-05-25 15:37:01,661 — INFO — Rangé : IMG_2537.jpg -> Images
2026-05-25 15:37:01,664 — INFO — Rangé : Мотивация персэф .docx -> Documents_Word
2026-05-25 15:37:01,665 — INFO — Rangé : Plan+d'apprentissage+personnalisé.xlsx -> Tableaux_Excel
2026-05-25 15:37:01,666 — INFO — Rangé : Биржа героев.pptx -> Presentations
2026-05-25 15:37:01,666 — INFO — Rangé : Пример отчета_1.docx -> Documents_Word
2026-05-25 15:37:01,667 — INFO — Rangé : WhatsApp Image 2026-04-19 at 21.47.27.jpeg -> Images
2026-05-25 15:37:01,668 — INFO — Rangé : Fiche_Synthese_HTML_CSS_Justin.docx -> Documents_Word
2026-05-25 15:37:01,669 — INFO — Rangé : 6.txt -> Documents_Texte
2026-05-25 15:37:01,670 — INFO — Rangé : методичка word.docx -> Documents_Word
2026-05-25 15:37:01,670 — INFO — Rangé : Чек лист персэф .docx -> Documents_Word
2026-05-25 15:37:01,671 — INFO — Rangé : Задачи_для_семинаров_a9363658085cfb5f8d2c74b85d7c31b7_1.pdf -> Documents_PDF
2026-05-25 15:37:01,672 — INFO — Rangé : TJP4.png -> Images
2026-05-25 15:37:01,673 — INFO — Rangé : Биржа героев.docx -> Documents_Word
2026-05-25 15:37:01,673 — INFO — Rangé : TJP5.png -> Images
2026-05-25 15:37:01,674 — INFO — Rangé : Занятие 20. Sila Union.pdf -> Documents_PDF
2026-05-25 15:37:01,675 — INFO — Rangé : projet_justin (1).docx -> Documents_Word
2026-05-25 15:37:01,676 — INFO — Rangé : WhatsApp Image 2026-04-19 at 21.09.27.jpeg -> Images
2026-05-25 15:37:01,677 — ERROR — Échec github-recovery-codes.txt: [Errno 1] Operation not permitted: '/Users/p_tsk99/mon_bordel/github-recovery-codes.txt'
2026-05-25 15:37:01,677 — INFO — Rangé : TJP2.png -> Images
2026-05-25 15:37:01,678 — INFO — Rangé : Самарина_ББИ_25_6_ОТСИСА_Практическая_6.pdf -> Documents_PDF
2026-05-25 15:37:01,679 — INFO — Rangé : TJP3.png -> Images
2026-05-25 15:37:01,679 — INFO — Rangé : Опыт_Резерфорда_7ea410706f63920712e9d4e99be7985f.pdf -> Documents_PDF
2026-05-25 15:37:01,680 — INFO — Rangé : TJP1.png -> Images
2026-05-25 15:37:01,681 — INFO — Rangé : Домашние_задачи_№1_3b403ee847b73375e0d05e0b10b8c029_1.pdf -> Documents_PDF
2026-05-25 15:40:32,251 — INFO — Dossier sélectionné : /Users/p_tsk99/mon_bordel
2026-05-25 15:40:34,270 — INFO — Rangé : IMG_5844.heic -> images
2026-05-25 15:40:34,272 — INFO — Rangé : IMG_5606.heic -> images
2026-05-25 15:40:34,273 — INFO — Rangé : IMG_5165.HEIC -> images
2026-05-25 15:40:34,275 — INFO — Rangé : IMG_5841.heic -> images
2026-05-25 15:40:34,276 — ERROR — Échec github-recovery-codes.txt: [Errno 1] Operation not permitted: '/Users/p_tsk99/mon_bordel/github-recovery-codes.txt'
2026-05-25 15:42:12,729 — INFO — Dossier sélectionné : /Users/p_tsk99/mon_bordel/Documents_PDF
2026-05-25 15:42:14,922 — INFO — Rangé : Б_А.pdf -> Documents_PDF
2026-05-25 15:42:14,924 — INFO — Rangé : ПоповНП_ББИ-26-6_ПР8-9_ПРОФИНСТР.pdf -> Documents_PDF
2026-05-25 15:42:14,926 — INFO — Rangé : тевoсян.pdf -> Documents_PDF
2026-05-25 15:42:14,928 — INFO — Rangé : жустин 6.pdf -> Documents_PDF
2026-05-25 15:42:14,929 — INFO — Rangé : тевoсян текст.pdf -> Documents_PDF
2026-05-25 15:42:14,931 — INFO — Rangé : жустин1.pdf -> Documents_PDF
2026-05-25 15:42:14,934 — INFO — Rangé : Application45887066.pdf -> Documents_PDF
2026-05-25 15:42:14,935 — INFO — Rangé : Домашние_задачи_№1_3b403ee847b73375e0d05e0b10b8c029_1.pdf -> Documents_PDF
2026-05-25 15:42:14,936 — INFO — Rangé : TSEKE-TSEKE.pdf -> Documents_PDF
2026-05-25 15:42:14,937 — INFO — Rangé : жустин 3.docx -> Documents_Word
2026-05-25 15:42:14,938 — INFO — Rangé : Prakticheskaya_rabota_3_2026 15.05.59.pdf -> Documents_PDF
2026-05-25 15:42:14,940 — INFO — Rangé : Занятие 16 Python_1.pdf -> Documents_PDF
2026-05-25 15:42:14,941 — INFO — Rangé : лр-6_Сеть.pdf -> Documents_PDF
2026-05-25 15:42:14,942 — INFO — Rangé : жустин 2.pdf -> Documents_PDF
2026-05-25 15:42:14,943 — INFO — Rangé : ИДЗ 3, 2 семестр_2b0befa4bdd6926795c14df35e3cfb08.pdf -> Documents_PDF
2026-05-25 15:42:14,944 — INFO — Rangé : Prakticheskaya_rabota_№8_Derevo_problem.pdf -> Documents_PDF
2026-05-25 15:42:14,944 — INFO — Rangé : 2015 - tableaux dérivées, primitives, DL (1) 23.51.05.pdf -> Documents_PDF
2026-05-25 15:42:14,945 — INFO — Rangé : лр-4_PC_.pdf -> Documents_PDF
2026-05-25 15:42:14,946 — INFO — Rangé : Занятие 8-9 elma 15.05.59.pdf -> Documents_PDF
2026-05-25 15:42:14,947 — INFO — Rangé : ДЗ 1.pdf -> Documents_PDF
2026-05-25 15:42:14,948 — INFO — Rangé : 2015 - tableaux dérivées, primitives, DL.pdf -> Documents_PDF
2026-05-25 15:42:14,949 — INFO — Rangé : Prakticheskaya_rabota_3_2026.pdf -> Documents_PDF
2026-05-25 15:42:14,950 — INFO — Rangé : жустин 3_.docx -> Documents_Word
2026-05-25 15:42:14,950 — INFO — Rangé : Список_вопросов_по_МА_2025_5f818fcab2c7e94e24391b19f02c5874.pdf -> Documents_PDF
2026-05-25 15:42:14,952 — INFO — Rangé : 2-03 Поле прямого проводника с током_e274f04b890d1381ebfa595ecc44c62b.pdf -> Documents_PDF
2026-05-25 15:42:14,953 — INFO — Rangé : 2026-05-14 12.35.35.jpg -> Images
2026-05-25 15:42:14,954 — INFO — Rangé : idz_2_misis_ag (1)_e51f60965d0d62f90c8124e00e909d95.pdf -> Documents_PDF
2026-05-25 15:42:14,954 — INFO — Rangé : жустин 3_30d24913ab49db29bce48c26480bde30 14.49.08.pdf -> Documents_PDF
2026-05-25 15:42:14,955 — INFO — Rangé : web-25.pdf -> Documents_PDF
2026-05-25 15:42:14,956 — INFO — Rangé : Занятие 16 Python.pdf -> Documents_PDF
2026-05-25 15:42:14,957 — INFO — Rangé : дом задание №1(2 семестр).pdf -> Documents_PDF
2026-05-25 15:42:14,958 — INFO — Rangé : Жустин ББИ-25-6 19.pdf -> Documents_PDF
2026-05-25 15:42:14,959 — INFO — Rangé : МАТАН_КР_2_типовой_вариант_338b4d0c5b477b1cc31169b2c928f3b9.pdf -> Documents_PDF
2026-05-25 15:42:14,960 — INFO — Rangé : Бизнес-аналитик.pdf -> Documents_PDF
2026-05-25 15:42:14,961 — INFO — Rangé : LaeIWa-2-14 Магнитное поле соленоида.pdf -> Documents_PDF
2026-05-25 15:42:14,961 — INFO — Rangé : 2_5202146195157320383.pdf -> Documents_PDF
2026-05-25 15:42:14,963 — INFO — Rangé : ~$стин 3_30d24913ab49db29bce48c26480bde30.pdf -> Documents_PDF
2026-05-25 15:42:14,963 — INFO — Rangé : А-ИДЗ-3 МА_729feec5cd5b161b3c748db665a4c921.pdf -> Documents_PDF
2026-05-25 15:42:14,964 — INFO — Rangé : Типовой_билет_2025_5de3499f3fe07c965216b50efd3d0c80.pdf -> Documents_PDF
2026-05-25 15:42:14,965 — INFO — Rangé : Demo_Problems_Agebra_Geometry_652b7401727abf6069173925bcdc7ebf.pdf -> Documents_PDF
2026-05-25 15:42:14,965 — INFO — Rangé : DIVIN.pdf -> Documents_PDF
2026-05-25 15:42:14,966 — INFO — Rangé : 2026-05-20 14.38.49.jpg -> Images
2026-05-25 15:42:14,966 — INFO — Rangé : Задачи_для_семинаров_a9363658085cfb5f8d2c74b85d7c31b7.pdf -> Documents_PDF
2026-05-25 15:42:14,967 — INFO — Rangé : Teoria_Sistem_Praktiko-teoreticheskaya_rabota_9.docx.pdf -> Documents_PDF
2026-05-25 15:42:14,968 — INFO — Rangé : eno.pdf -> Documents_PDF
2026-05-25 15:42:14,969 — INFO — Rangé : жустин 3 14.48.45.pdf -> Documents_PDF
2026-05-25 15:42:14,969 — INFO — Rangé : жустин 3_.pdf -> Documents_PDF
2026-05-25 15:42:14,970 — INFO — Rangé : Тсеке-Тсеке ж.п_Referat_trello_a60c7fa06a145a9638b2cfe8a318dba7.docx -> Documents_Word
2026-05-25 15:42:14,971 — INFO — Rangé : TSEKE TSEKE ONDZOLI SAMSON GRACE A.pdf -> Documents_PDF
2026-05-25 15:42:14,972 — INFO — Rangé : Задачи_для_семинаров_a9363658085cfb5f8d2c74b85d7c31b7_1.pdf -> Documents_PDF
2026-05-25 15:42:14,972 — INFO — Rangé : Тсекетсеке Жустин.pdf -> Documents_PDF
2026-05-25 15:42:14,973 — INFO — Rangé : Занятие 20. Sila Union.pdf -> Documents_PDF
2026-05-25 15:42:14,973 — INFO — Rangé : МАТАН ИДЗ-2_41f590f98d180291eaec85f208a3d09a.pdf -> Documents_PDF
2026-05-25 15:42:14,974 — INFO — Rangé : Занятие 14 loginom.pdf -> Documents_PDF
2026-05-25 15:42:14,975 — INFO — Rangé : СтудИзба Ефимов Поспелов ч.1.pdf -> Documents_PDF
2026-05-25 15:42:14,975 — INFO — Rangé : Занятие_4_Excel_Создание_сводных_таблиц_и_Dashboards.pdf -> Documents_PDF
2026-05-25 15:42:14,976 — INFO — Rangé : Application45886943.pdf -> Documents_PDF
2026-05-25 15:42:14,976 — INFO — Rangé : жустин 8.pdf -> Documents_PDF
2026-05-25 15:42:14,977 — INFO — Rangé : Самарина_ББИ_25_6_ОТСИСА_Практическая_6.pdf -> Documents_PDF
2026-05-25 15:42:14,978 — INFO — Rangé : СтудИзба Ефимов Поспелов ч.2.pdf -> Documents_PDF
2026-05-25 15:42:14,978 — INFO — Rangé : Опыт_Резерфорда_7ea410706f63920712e9d4e99be7985f.pdf -> Documents_PDF
2026-05-25 15:42:14,979 — INFO — Rangé : Домашние_задачи_№1_3b403ee847b73375e0d05e0b10b8c029.pdf -> Documents_PDF
2026-05-25 15:42:14,979 — INFO — Rangé : Памятка.pdf -> Documents_PDF
2026-05-25 15:42:14,980 — INFO — Rangé : SAMASON.pdf -> Documents_PDF
2026-05-25 15:42:14,980 — INFO — Rangé : justin_presentation_Trello.pdf -> Documents_PDF
2026-05-25 15:42:14,981 — INFO — Rangé : Metod 4701.pdf -> Documents_PDF
